# This output was generated with AUGUSTUS (version 2.4).
# AUGUSTUS is a gene prediction tool for eukaryotes written by Mario Stanke (mstanke@gwdg.de)
# and Oliver Keller (keller@cs.uni-goettingen.de).
# Please cite: Mario Stanke, Mark Diekhans, Robert Baertsch, David Haussler (2008),
# Using native and syntenically mapped cDNA alignments to improve de novo gene finding
# Bioinformatics 24: 637-644, doi 10.1093/bioinformatics/btn013
# No extrinsic information on sequences given.
# Initialising the parameters ...
# arabidopsis2 version. Use default transition matrix.
